2026-05-26 15:15:01.264 +02:00 [INF] Bronnoysund.Lookup.WebApi starting
2026-05-26 15:15:01.307 +02:00 [INF] Now listening on: http://localhost:5000
2026-05-26 15:15:01.308 +02:00 [INF] Application started. Press Ctrl+C to shut down.
2026-05-26 15:15:01.308 +02:00 [INF] Hosting environment: Development
2026-05-26 15:15:01.308 +02:00 [INF] Content root path: /Users/esm/UtviklingPrivat/Bronnoysund.Lookup.MVP/src/Bronnoysund.Lookup.WebApi
2026-05-26 15:15:04.293 +02:00 [INF] HTTP GET /health responded 200 in 8.9023 ms
2026-05-26 15:15:04.320 +02:00 [INF] Looking up orgnr 919300388
2026-05-26 15:15:04.326 +02:00 [INF] Start processing HTTP request GET https://data.brreg.no/enhetsregisteret/api/enheter/919300388
2026-05-26 15:15:04.339 +02:00 [INF] Sending HTTP request GET https://data.brreg.no/enhetsregisteret/api/enheter/919300388
2026-05-26 15:15:04.637 +02:00 [INF] Received HTTP response headers after 297.7207ms - 200
2026-05-26 15:15:04.642 +02:00 [INF] Execution attempt. Source: 'BrregHttpClient-standard//Standard-Retry', Operation Key: 'null', Result: '200', Handled: 'false', Attempt: '0', Execution Time: 303.6168ms
2026-05-26 15:15:04.644 +02:00 [INF] End processing HTTP request after 319.0855ms - 200
2026-05-26 15:15:04.668 +02:00 [INF] HTTP GET /companies/919300388 responded 200 in 364.0653 ms
2026-05-26 15:15:04.677 +02:00 [INF] Validation failed for orgnr input '12345': Organization number must be exactly 9 digits (got 5).
2026-05-26 15:15:04.677 +02:00 [INF] HTTP GET /companies/12345 responded 400 in 0.7210 ms
2026-05-26 15:15:04.684 +02:00 [INF] Validation failed for orgnr input '999999990': Organization number has an invalid MOD11 check digit.
2026-05-26 15:15:04.684 +02:00 [INF] HTTP GET /companies/999999990 responded 400 in 0.2041 ms
2026-05-26 15:15:04.693 +02:00 [INF] Searching companies by name 'Statens vegvesen' (max 3)
2026-05-26 15:15:04.694 +02:00 [INF] Start processing HTTP request GET https://data.brreg.no/enhetsregisteret/api/enheter?*
2026-05-26 15:15:04.694 +02:00 [INF] Sending HTTP request GET https://data.brreg.no/enhetsregisteret/api/enheter?*
2026-05-26 15:15:04.763 +02:00 [INF] Received HTTP response headers after 69.4431ms - 200
2026-05-26 15:15:04.764 +02:00 [INF] Execution attempt. Source: 'BrregHttpClient-standard//Standard-Retry', Operation Key: 'null', Result: '200', Handled: 'false', Attempt: '0', Execution Time: 69.6057ms
2026-05-26 15:15:04.764 +02:00 [INF] End processing HTTP request after 69.8832ms - 200
2026-05-26 15:15:04.767 +02:00 [INF] HTTP GET /companies responded 200 in 76.3008 ms
2026-05-26 15:15:19.535 +02:00 [INF] Looking up orgnr 919300388
2026-05-26 15:15:19.535 +02:00 [INF] HTTP GET /companies/919300388 responded 200 in 0.3770 ms
2026-05-26 15:15:20.569 +02:00 [INF] Looking up orgnr 919300388
2026-05-26 15:15:20.569 +02:00 [INF] HTTP GET /companies/919300388 responded 200 in 0.6968 ms
2026-05-26 15:15:21.598 +02:00 [INF] Looking up orgnr 991825827
2026-05-26 15:15:21.598 +02:00 [INF] Start processing HTTP request GET https://data.brreg.no/enhetsregisteret/api/enheter/991825827
2026-05-26 15:15:21.598 +02:00 [INF] Sending HTTP request GET https://data.brreg.no/enhetsregisteret/api/enheter/991825827
2026-05-26 15:15:21.692 +02:00 [INF] Received HTTP response headers after 93.9121ms - 200
2026-05-26 15:15:21.692 +02:00 [INF] Execution attempt. Source: 'BrregHttpClient-standard//Standard-Retry', Operation Key: 'null', Result: '200', Handled: 'false', Attempt: '0', Execution Time: 94.1792ms
2026-05-26 15:15:21.692 +02:00 [INF] End processing HTTP request after 94.4321ms - 200
2026-05-26 15:15:21.693 +02:00 [INF] HTTP GET /companies/991825827 responded 200 in 95.4652 ms
2026-05-26 15:24:50.992 +02:00 [INF] Application is shutting down...
